// Vitest Snapshot v1, https://vitest.dev/guide/snapshot.html

exports[`matches the snapshot 1`] = `
<DocumentFragment>
  <button
    aria-controls="radix-:r0:"
    aria-expanded="false"
    aria-haspopup="dialog"
    class="custom-trigger"
    data-state="closed"
    type="button"
  >
    Open
  </button>
</DocumentFragment>
`;
