// Vitest Snapshot v1, https://vitest.dev/guide/snapshot.html

exports[`Slider component > matches the snapshot 1`] = `
<DocumentFragment>
  <span
    aria-disabled="false"
    class="flex touch-none select-none items-center w-full mt-10 relative"
    data-orientation="horizontal"
    dir="ltr"
    style="--radix-slider-thumb-transform: translateX(-50%);"
  >
    <span
      class="relative h-2 w-full grow overflow-hidden rounded-full bg-card-light dark:bg-secondary"
      data-orientation="horizontal"
    >
      <span
        class="absolute h-full bg-primary"
        data-orientation="horizontal"
        style="left: 20%; right: 20%;"
      />
    </span>
    <span
      style="transform: var(--radix-slider-thumb-transform); position: absolute; left: calc(20% + 0px);"
    >
      <span
        aria-label="Minimum"
        aria-orientation="horizontal"
        aria-valuemax="100"
        aria-valuemin="0"
        aria-valuenow="20"
        class="block size-5 rounded-full border-2 border-primary bg-background ring-offset-background transition-colors focus-visible:outline-none focus-visible:ring-ring disabled:pointer-events-none disabled:opacity-50"
        data-orientation="horizontal"
        data-radix-collection-item=""
        role="slider"
        style=""
        tabindex="0"
      />
    </span>
    <span
      style="transform: var(--radix-slider-thumb-transform); position: absolute; left: calc(80% + 0px);"
    >
      <span
        aria-label="Maximum"
        aria-orientation="horizontal"
        aria-valuemax="100"
        aria-valuemin="0"
        aria-valuenow="80"
        class="block size-5 rounded-full border-2 border-primary bg-background ring-offset-background transition-colors focus-visible:outline-none focus-visible:ring-ring disabled:pointer-events-none disabled:opacity-50"
        data-orientation="horizontal"
        data-radix-collection-item=""
        role="slider"
        style=""
        tabindex="0"
      />
    </span>
  </span>
</DocumentFragment>
`;
